default 1
timeout     10
color cyan/blue white/blue
splashimage /boot/grub/splash.xpm.gz
# sudo cp menu.lst binary/boot/grub/menu.lst && sudo rm .stage/binary_iso && sudo lh_binary_iso

title		Live:
root


title		Debian GNU/Linux - live
kernel		/live/vmlinuz-2.6.26-1-486 boot=live quiet homepage=http://portal.webconverger.com/ nosudo splash vga=791 username=webc hostname=webconverger union=aufs
initrd		/live/initrd.img-2.6.26-1-486

title		Debian GNU/Linux - live for China
kernel		/live/vmlinuz-2.6.26-1-486 boot=live quiet homepage=http://www.sina.com.cn nosudo splash vga=791 username=webc hostname=webconverger union=aufs locale=zh_CN.UTF-8 keyb=zh
initrd		/live/initrd.img-2.6.26-1-486

title		Debian GNU/Linux - live for Korea
kernel		/live/vmlinuz-2.6.26-1-486 boot=live quiet homepage=http://www.naver.com/ nosudo splash vga=791 username=webc hostname=webconverger union=aufs locale=ko_KR.UTF-8
initrd		/live/initrd.img-2.6.26-1-486

title		Debian GNU/Linux - live for Japan
kernel		/live/vmlinuz-2.6.26-1-486 boot=live quiet homepage=http://www.aplix.co.jp/ nosudo splash vga=791 username=webc hostname=webconverger union=aufs locale=ja_JP.UTF-8
initrd		/live/initrd.img-2.6.26-1-486





title		Install:
root

title		Install Webconverger
kernel		/install/gtk/vmlinuz auto=true priority=critical video=vesa:ywrap,mtrr vga=788 quiet auto locale=en_US languagechooser/language-name=English DEBCONF_PRIORITY=critical file=/cdrom/install/preseed.cfg interface=auto -- quiet
initrd		/install/gtk/initrd.gz


